       |/*
       |*   PostgreSQL numeric format
       |*
       |*   Copyright: © 2014 DSoftOut
       |*   Authors: NCrashed <ncrashed@gmail.com>
       |*/
       |module dpq2.conv.numeric;
       |
       |private pure // inner representation from libpq sources
       |{
       |    alias NumericDigit = ushort;
       |    enum DEC_DIGITS = 4;
       |    enum NUMERIC_NEG       = 0x4000;
       |    enum NUMERIC_NAN       = 0xC000;
       |
       |    struct NumericVar
       |    {
       |        int weight;
       |        int sign;
       |        int dscale;
       |        NumericDigit[] digits;
       |    }
       |
       |    string numeric_out(in NumericVar num)
       |    {
0000000|        string str;
       |
0000000|        if(num.sign == NUMERIC_NAN)
       |        {
0000000|            return "NaN";
       |        }
       |
0000000|        str = get_str_from_var(num);
       |
0000000|        return str;
       |    }
       |
       |    /*
       |     * get_str_from_var() -
       |     *
       |     *  Convert a var to text representation (guts of numeric_out).
       |     *  The var is displayed to the number of digits indicated by its dscale.
       |     *  Returns a palloc'd string.
       |     */
       |    string get_str_from_var(in NumericVar var)
       |    {
0000000|        int          dscale;
0000000|        ubyte[]      str;
0000000|        ubyte*       cp;
0000000|        ubyte*       endcp;
0000000|        int          i;
0000000|        int          d;
0000000|        NumericDigit dig;
       |
       |        static if(DEC_DIGITS > 1)
       |        {
0000000|            NumericDigit d1;
       |        }
       |
0000000|        dscale = var.dscale;
       |
       |        /*
       |         * Allocate space for the result.
       |         *
       |         * i is set to the # of decimal digits before decimal point. dscale is the
       |         * # of decimal digits we will print after decimal point. We may generate
       |         * as many as DEC_DIGITS-1 excess digits at the end, and in addition we
       |         * need room for sign, decimal point, null terminator.
       |         */
0000000|        i = (var.weight + 1) * DEC_DIGITS;
0000000|        if (i <= 0)
0000000|            i = 1;
       |
0000000|        str = new ubyte[i + dscale + DEC_DIGITS + 2];
0000000|        cp = str.ptr;
       |
       |        /*
       |         * Output a dash for negative values
       |         */
0000000|        if (var.sign == NUMERIC_NEG)
0000000|            *cp++ = '-';
       |
       |        /*
       |         * Output all digits before the decimal point
       |         */
0000000|        if (var.weight < 0)
       |        {
0000000|            d = var.weight + 1;
0000000|            *cp++ = '0';
       |        }
       |        else
       |        {
0000000|            for (d = 0; d <= var.weight; d++)
       |            {
0000000|                dig = (d < var.digits.length) ? var.digits[d] : 0;
       |                /* In the first digit, suppress extra leading decimal zeroes */
       |                static if(DEC_DIGITS == 4)
       |                {
0000000|                    bool putit = (d > 0);
       |
0000000|                    d1 = dig / 1000;
0000000|                    dig -= d1 * 1000;
0000000|                    putit |= (d1 > 0);
0000000|                    if (putit)
0000000|                        *cp++ = cast(char)(d1 + '0');
0000000|                    d1 = dig / 100;
0000000|                    dig -= d1 * 100;
0000000|                    putit |= (d1 > 0);
0000000|                    if (putit)
0000000|                        *cp++ = cast(char)(d1 + '0');
0000000|                    d1 = dig / 10;
0000000|                    dig -= d1 * 10;
0000000|                    putit |= (d1 > 0);
0000000|                    if (putit)
0000000|                        *cp++ = cast(char)(d1 + '0');
0000000|                    *cp++ = cast(char)(dig + '0');
       |                }
       |                else static if(DEC_DIGITS == 2)
       |                {
       |                        d1 = dig / 10;
       |                        dig -= d1 * 10;
       |                        if (d1 > 0 || d > 0)
       |                            *cp++ = cast(char)(d1 + '0');
       |                        *cp++ = cast(char)(dig + '0');
       |                }
       |                else static if(DEC_DIGITS == 1)
       |                {
       |                    *cp++ = cast(char)(dig + '0');
       |                }
       |                else pragma(error, "unsupported NBASE");
       |            }
       |        }
       |
       |        /*
       |         * If requested, output a decimal point and all the digits that follow it.
       |         * We initially put out a multiple of DEC_DIGITS digits, then truncate if
       |         * needed.
       |         */
0000000|        if (dscale > 0)
       |        {
0000000|            *cp++ = '.';
0000000|            endcp = cp + dscale;
0000000|            for (i = 0; i < dscale; d++, i += DEC_DIGITS)
       |            {
0000000|                dig = (d >= 0 && d < var.digits.length) ? var.digits[d] : 0;
       |                static if(DEC_DIGITS == 4)
       |                {
0000000|                        d1 = dig / 1000;
0000000|                        dig -= d1 * 1000;
0000000|                        *cp++ = cast(char)(d1 + '0');
0000000|                        d1 = dig / 100;
0000000|                        dig -= d1 * 100;
0000000|                        *cp++ = cast(char)(d1 + '0');
0000000|                        d1 = dig / 10;
0000000|                        dig -= d1 * 10;
0000000|                        *cp++ = cast(char)(d1 + '0');
0000000|                        *cp++ = cast(char)(dig + '0');
       |                }
       |                else static if(DEC_DIGITS == 2)
       |                {
       |                        d1 = dig / 10;
       |                        dig -= d1 * 10;
       |                        *cp++ = cast(char)(d1 + '0');
       |                        *cp++ = cast(char)(dig + '0');
       |                }
       |                else static if(DEC_DIGITS == 1)
       |                {
       |                    *cp++ = cast(char)(dig + '0');
       |            }
       |            else pragma(error, "unsupported NBASE");
       |            }
0000000|            cp = endcp;
       |        }
       |
       |        /*
       |         * terminate the string and return it
       |         */
0000000|        *cp = '\0';
       |
0000000|        return (cast(char*) str).fromStringz;
       |    }
       |}
       |
       |import std.conv: to;
       |import std.string: fromStringz;
       |import std.bitmanip: bigEndianToNative;
       |
       |package string rawValueToNumeric(in ubyte[] v) pure
       |{
       |    import dpq2.result: ValueConvException, ConvExceptionType;
       |
       |    struct NumericVar_net // network byte order
       |    {
       |        ubyte[2] num; // num of digits
       |        ubyte[2] weight;
       |        ubyte[2] sign;
       |        ubyte[2] dscale;
       |    }
       |
0000000|    if(!(v.length >= NumericVar_net.sizeof))
0000000|        throw new ValueConvException(ConvExceptionType.SIZE_MISMATCH,
       |            "Value length ("~to!string(v.length)~") less than it is possible for numeric type",
       |            __FILE__, __LINE__);
       |
0000000|    NumericVar_net* h = cast(NumericVar_net*) v.ptr;
       |
0000000|    NumericVar res;
0000000|    res.weight = bigEndianToNative!short(h.weight);
0000000|    res.sign   = bigEndianToNative!ushort(h.sign);
0000000|    res.dscale = bigEndianToNative!ushort(h.dscale);
       |
0000000|    auto len = (v.length - NumericVar_net.sizeof) / NumericDigit.sizeof;
       |
0000000|    res.digits = new NumericDigit[len];
       |
0000000|    size_t offset = NumericVar_net.sizeof;
0000000|    foreach(i; 0 .. len)
       |    {
0000000|        res.digits[i] = bigEndianToNative!NumericDigit(
       |                (&(v[offset]))[0..NumericDigit.sizeof]
       |            );
0000000|        offset += NumericDigit.sizeof;
       |    }
       |
0000000|    return numeric_out(res);
       |}
src/dpq2/conv/numeric.d is 0% covered
