       |/**
       | * Main module
       | *
       | * Include it to use common functions.
       | */
       |module dpq2;
       |
       |import derelict.pq.pq;
       |debug import std.experimental.logger;
       |
       |version(DerelictPQ_Static){}
       |else
       |{
       |    static __gshared bool __initialized;
       |
       |    static this()
       |    {
       |        import std.concurrency : initOnce;
      1|        initOnce!__initialized({
       |            debug
       |            {
      2|                trace("DerelictPQ loading...");
       |            }
       |
      1|            DerelictPQ.load();
       |
       |            debug
       |            {
      2|                trace("...DerelictPQ loading finished");
       |            }
      1|            return true;
      1|        }());
       |    }
       |}
       |
       |public
       |{
       |    import dpq2.connection;
       |    import dpq2.query;
       |    import dpq2.result;
       |    import dpq2.oids;
       |}
src/dpq2/package.d is 100% covered
