       |///
       |module dpq2.value;
       |
       |import dpq2.oids;
       |
       |@safe:
       |
       |/**
       |Represents table cell or argument value
       |
       |Internally it is a ubyte[].
       |If it returned by Answer methods it contains a reference to the data of
       |the server answer and it can not be accessed after Answer is destroyed.
       |*/
       |struct Value
       |{
       |    private
       |    {
       |        bool _isNull = true;
       |        OidType _oidType = OidType.Undefined;
       |
       |        ValueFormat _format;
       |    }
       |
       |    package immutable(ubyte)[] _data;
       |
       |    // FIXME:
       |    // The pointer returned by PQgetvalue points to storage that is part of the PGresult structure.
       |    // One should not modify the data it points to, and one must explicitly copy the data into other
       |    // storage if it is to be used past the lifetime of the PGresult structure itself.
       |    // Thus, it is need to store reference to Answer here to ensure that result is still available.
       |    // (Also see DIP1000)
       |    /// ctor
    344|    this(immutable(ubyte)[] data, in OidType oidType, bool isNull = false, in ValueFormat format = ValueFormat.BINARY) inout pure
       |    {
    344|        this._data = data;
    344|        this._format = format;
    344|        this._oidType = oidType;
    344|        this._isNull = isNull;
       |    }
       |
       |    /// Null Value constructor
      7|    this(in ValueFormat format, in OidType oidType) pure
       |    {
      7|        this._format = format;
      7|        this._oidType = oidType;
       |    }
       |
       |    @safe const pure nothrow @nogc
       |    {
       |        /// Indicates if the value is NULL
       |        bool isNull()
       |        {
    934|            return _isNull;
       |        }
       |
       |        /// Indicates if the value is array type
       |        bool isArray()
       |        {
     69|            return dpq2.oids.isSupportedArray(oidType);
       |        }
       |        alias isSupportedArray = isArray; //TODO: deprecate
       |
       |        /// Returns Oid of the value
       |        OidType oidType()
       |        {
    607|            return _oidType;
       |        }
       |
       |        /// Returns ValueFormat representation (text or binary)
       |        ValueFormat format()
       |        {
    385|            return _format;
       |        }
       |    }
       |
       |    package void oidType(OidType type) @safe pure nothrow @nogc
       |    {
     12|        _oidType = type;
       |    }
       |
       |    immutable(ubyte)[] data() pure const
       |    {
       |        import std.exception;
       |        import core.exception;
       |
    715|        enforceEx!AssertError(!isNull, "Attempt to read NULL value", __FILE__, __LINE__);
       |
    707|        return _data;
       |    }
       |
       |    ///
       |    string toString() const @trusted
       |    {
       |        import vibe.data.bson: Bson;
       |        import dpq2.conv.to_bson;
       |        import std.conv: to;
       |
0000000|        return this.as!Bson.toString~"::"~oidType.to!string~"("~(format == ValueFormat.TEXT? "t" : "b")~")";
       |    }
       |}
       |
       |@system unittest
       |{
       |    import dpq2.conv.to_d_types;
       |    import core.exception: AssertError;
       |
      1|    Value v = Value(ValueFormat.BINARY, OidType.Int4);
       |
      1|    bool exceptionFlag = false;
       |
       |    try
      1|        cast(void) v.as!int;
       |    catch(AssertError e)
      1|        exceptionFlag = true;
       |
      1|    assert(exceptionFlag);
       |}
       |
       |///
       |enum ValueFormat : int {
       |    TEXT, ///
       |    BINARY ///
       |}
       |
       |import std.conv: to, ConvException;
       |
       |/// Conversion exception types
       |enum ConvExceptionType
       |{
       |    NOT_ARRAY, /// Format of the value isn't array
       |    NOT_BINARY, /// Format of the column isn't binary
       |    NOT_TEXT, /// Format of the column isn't text string
       |    NOT_IMPLEMENTED, /// Support of this type isn't implemented (or format isn't matches to specified D type)
       |    SIZE_MISMATCH, /// Value size is not matched to the Postgres value
       |    CORRUPTED_JSONB, /// Corrupted JSONB value
       |    DATE_VALUE_OVERFLOW, /// Date value isn't fits to Postgres binary Date value
       |}
       |
       |/// Value conversion exception
       |class ValueConvException : ConvException
       |{
       |    const ConvExceptionType type; /// Exception type
       |
     32|    this(ConvExceptionType t, string msg, string file, size_t line) pure @safe
       |    {
     32|        type = t;
     32|        super(msg, file, line);
       |    }
       |}
       |
       |package void throwTypeComplaint(OidType receivedType, string expectedType, string file, size_t line) pure
       |{
     14|    throw new ValueConvException(
       |            ConvExceptionType.NOT_IMPLEMENTED,
       |            "Format of the column ("~to!string(receivedType)~") doesn't match to D native "~expectedType,
       |            file, line
       |        );
       |}
src/dpq2/value.d is 96% covered
